[2026-06-27T22:43:13.697Z] 
[2026-06-27T22:43:13.697Z]
Usuario: Administrador
Rol: ADMIN
Token: eyJhbGciOiJIUzI1NiIsInR5cCI6IkpXVCJ9.eyJpZCI6MSwicm9sIjoiQURNSU4iLCJpYXQiOjE3ODI1OTk5MzYsImV4cCI6MTc4MjYwNzEzNn0.UKMLmKmEk_7j2E_dfkqBRQo02S1Nmk0MI00wCYIRpEw
─────────────────────────────────────────────────────────────
            
[2026-06-27T22:45:02.243Z] 
[2026-06-27T22:45:02.243Z]
Usuario: Juan Pérez
Rol: USUARIO
Token: eyJhbGciOiJIUzI1NiIsInR5cCI6IkpXVCJ9.eyJpZCI6MSwicm9sIjoiQURNSU4iLCJpYXQiOjE3ODI2MDAxOTMsImV4cCI6MTc4MjYwNzM5M30.6Ro4jhv_fXEQ4VaxPFc9ic04y7lAuUAZouM7WVNb0ew
─────────────────────────────────────────────────────────────
            
[2026-06-27T22:51:53.113Z] 
[2026-06-27T22:51:53.113Z]
Usuario: Administrador
Rol: ADMIN
Token: eyJhbGciOiJIUzI1NiIsInR5cCI6IkpXVCJ9.eyJpZCI6Miwicm9sIjoiVVNVQVJJTyIsImlhdCI6MTc4MjYwMDMwMiwiZXhwIjoxNzgyNjA3NTAyfQ.cSGkTmxyb9wn4SxlU4DLHdoIzqjtPegnR6_9MxpFr0w
─────────────────────────────────────────────────────────────
            
[2026-06-27T22:54:25.910Z] 
[2026-06-27T22:54:25.910Z]
Usuario: Juan Pérez
Rol: USUARIO
Token: eyJhbGciOiJIUzI1NiIsInR5cCI6IkpXVCJ9.eyJpZCI6MSwicm9sIjoiQURNSU4iLCJpYXQiOjE3ODI2MDA3MTMsImV4cCI6MTc4MjYwNzkxM30.e2IuQ2s7qYZSOGdJOlt1BST5Ew11BbY25pzbIjUFsrU
─────────────────────────────────────────────────────────────
            
